Ôùç injected env (5) from .env.local // tip: Ôùê secrets for agents [www.dotenvx.com]
Ôùç injected env (0) from .env // tip: Ôîÿ multiple files { path: ['.env.local', '.env'] }
==========================================
   TEST DE EMPAREJAMIENTO DE PERFILES
==========================================

[Test #1] Perfil: 47 a├▒os | Femenino | Nivel: Superior | Estado: Sinaloa | Grupos: Discapacitados
   Ô£à Se encontraron 64 becas.
      -> Beca 1: Beca de Apoyo a la Movilidad
         Instituci├│n: Universidad Aut├│noma Metropolitana
         URL: https://www.cua.uam.mx/alumnado/becas-uam
      -> Beca 2: IME Becas
         Instituci├│n: Instituto de los Mexicanos en el Exterior
         URL: https://ime.gob.mx/educacion/programa/ime-becas

[Test #2] Perfil: 26 a├▒os | Masculino | Nivel: B├ísica | Estado: Nayarit | Grupos: Ind├¡genas
   Ô£à Se encontraron 16 becas.
      -> Beca 1: Beca de Educaci├│n B├ísica Rita Cetina
         Instituci├│n: Gobierno de M├®xico
         URL: https://www.becaritacetina.gob.mx/
      -> Beca 2: IME Becas
         Instituci├│n: Instituto de los Mexicanos en el Exterior
         URL: https://ime.gob.mx/educacion/programa/ime-becas

[Test #3] Perfil: 40 a├▒os | Femenino | Nivel: Media Superior | Estado: Zacatecas | Grupos: Ninguno
   Ô£à Se encontraron 23 becas.
      -> Beca 1: Est├¡mulos COZCYT
         Instituci├│n: Consejo Zacatecano de Ciencia, Tecnolog├¡a e Innovaci├│n
         URL: https://catalogoestatal.zacatecas.gob.mx/tramites/1694
      -> Beca 2: IME Becas
         Instituci├│n: Instituto de los Mexicanos en el Exterior
         URL: https://ime.gob.mx/educacion/programa/ime-becas

[Test #4] Perfil: 13 a├▒os | Masculino | Nivel: B├ísica | Estado: Colima | Grupos: Ninguno
   Ô£à Se encontraron 16 becas.
      -> Beca 1: Beca de Educaci├│n B├ísica Rita Cetina
         Instituci├│n: Gobierno de M├®xico
         URL: https://www.becaritacetina.gob.mx/
      -> Beca 2: IME Becas
         Instituci├│n: Instituto de los Mexicanos en el Exterior
         URL: https://ime.gob.mx/educacion/programa/ime-becas

[Test #5] Perfil: 34 a├▒os | Femenino | Nivel: Superior | Estado: Chiapas | Grupos: Ninguno
   Ô£à Se encontraron 64 becas.
      -> Beca 1: Beca de Apoyo a la Movilidad
         Instituci├│n: Universidad Aut├│noma Metropolitana
         URL: https://www.cua.uam.mx/alumnado/becas-uam
      -> Beca 2: IME Becas
         Instituci├│n: Instituto de los Mexicanos en el Exterior
         URL: https://ime.gob.mx/educacion/programa/ime-becas

[Test #6] Perfil: 79 a├▒os | Femenino | Nivel: Posgrado | Estado: Oaxaca | Grupos: Adultos mayores
   Ô£à Se encontraron 89 becas.
      -> Beca 1: Binational Business Program
         Instituci├│n: U.S.-Mexico Commission for Educational and Cultural Exchange (COMEXUS)
         URL: https://us.fulbrightonline.org/countries/western-hemisphere/mexico/1645
      -> Beca 2: Beca Juan Beckmann
         Instituci├│n: FUNED
         URL: https://www.funedmx.org/

[Test #7] Perfil: 25 a├▒os | Femenino | Nivel: Media Superior | Estado: Yucat├ín | Grupos: Discapacitados
   Ô£à Se encontraron 23 becas.
      -> Beca 1: Programa de Becas del Gobierno del Estado de Yucat├ín
         Instituci├│n: Gobierno del Estado de Yucat├ín
         URL: https://becas.yucatan.gob.mx/
      -> Beca 2: IME Becas
         Instituci├│n: Instituto de los Mexicanos en el Exterior
         URL: https://ime.gob.mx/educacion/programa/ime-becas

[Test #8] Perfil: 73 a├▒os | Femenino | Nivel: Media Superior | Estado: Tamaulipas | Grupos: Adultos mayores
   Ô£à Se encontraron 26 becas.
      -> Beca 1: Beca Voluntad y Trabajo, por la paz de Tamaulipas
         Instituci├│n: Instituto Tamaulipeco de Becas, Est├¡mulos y Cr├®ditos Educativos
         URL: https://www.tamaulipas.gob.mx/itabec/becas-para-el-bienestar-educativo/
      -> Beca 2: Beca Avanza por las Ni├▒as, los Ni├▒os y Adolescentes de Tamaulipas
         Instituci├│n: Instituto Tamaulipeco de Becas, Est├¡mulos y Cr├®ditos Educativos (ITABEC)
         URL: https://www.tamaulipas.gob.mx/itabec/

[Test #9] Perfil: 68 a├▒os | Masculino | Nivel: Media Superior | Estado: Zacatecas | Grupos: Adultos mayores
   Ô£à Se encontraron 23 becas.
      -> Beca 1: Est├¡mulos COZCYT
         Instituci├│n: Consejo Zacatecano de Ciencia, Tecnolog├¡a e Innovaci├│n
         URL: https://catalogoestatal.zacatecas.gob.mx/tramites/1694
      -> Beca 2: IME Becas
         Instituci├│n: Instituto de los Mexicanos en el Exterior
         URL: https://ime.gob.mx/educacion/programa/ime-becas

[Test #10] Perfil: 44 a├▒os | Femenino | Nivel: Media Superior | Estado: Guerrero | Grupos: Ninguno
   Ô£à Se encontraron 22 becas.
      -> Beca 1: IME Becas
         Instituci├│n: Instituto de los Mexicanos en el Exterior
         URL: https://ime.gob.mx/educacion/programa/ime-becas
      -> Beca 2: Beca Universal para el Bienestar Benito Ju├írez de Educaci├│n Media Superior
         Instituci├│n: Coordinaci├│n Nacional de Becas para el Bienestar Benito Ju├írez
         URL: https://www.gob.mx/becasbenitojuarez

[Test #11] Perfil: 72 a├▒os | Femenino | Nivel: B├ísica | Estado: Tabasco | Grupos: Adultos mayores
   Ô£à Se encontraron 16 becas.
      -> Beca 1: Beca de Educaci├│n B├ísica Rita Cetina
         Instituci├│n: Gobierno de M├®xico
         URL: https://www.becaritacetina.gob.mx/
      -> Beca 2: IME Becas
         Instituci├│n: Instituto de los Mexicanos en el Exterior
         URL: https://ime.gob.mx/educacion/programa/ime-becas

[Test #12] Perfil: 29 a├▒os | Femenino | Nivel: B├ísica | Estado: Morelos | Grupos: Madres solteras
   Ô£à Se encontraron 16 becas.
      -> Beca 1: Beca de Educaci├│n B├ísica Rita Cetina
         Instituci├│n: Gobierno de M├®xico
         URL: https://www.becaritacetina.gob.mx/
      -> Beca 2: IME Becas
         Instituci├│n: Instituto de los Mexicanos en el Exterior
         URL: https://ime.gob.mx/educacion/programa/ime-becas

[Test #13] Perfil: 34 a├▒os | Masculino | Nivel: Superior | Estado: Baja California | Grupos: Ninguno
   Ô£à Se encontraron 64 becas.
      -> Beca 1: Beca de Apoyo a la Movilidad
         Instituci├│n: Universidad Aut├│noma Metropolitana
         URL: https://www.cua.uam.mx/alumnado/becas-uam
      -> Beca 2: IME Becas
         Instituci├│n: Instituto de los Mexicanos en el Exterior
         URL: https://ime.gob.mx/educacion/programa/ime-becas

[Test #14] Perfil: 45 a├▒os | Masculino | Nivel: B├ísica | Estado: Tlaxcala | Grupos: Discapacitados
   Ô£à Se encontraron 16 becas.
      -> Beca 1: Beca de Educaci├│n B├ísica Rita Cetina
         Instituci├│n: Gobierno de M├®xico
         URL: https://www.becaritacetina.gob.mx/
      -> Beca 2: IME Becas
         Instituci├│n: Instituto de los Mexicanos en el Exterior
         URL: https://ime.gob.mx/educacion/programa/ime-becas

[Test #15] Perfil: 23 a├▒os | Femenino | Nivel: B├ísica | Estado: Nayarit | Grupos: Ninguno
   Ô£à Se encontraron 16 becas.
      -> Beca 1: Beca de Educaci├│n B├ísica Rita Cetina
         Instituci├│n: Gobierno de M├®xico
         URL: https://www.becaritacetina.gob.mx/
      -> Beca 2: IME Becas
         Instituci├│n: Instituto de los Mexicanos en el Exterior
         URL: https://ime.gob.mx/educacion/programa/ime-becas

[Test #16] Perfil: 80 a├▒os | Masculino | Nivel: B├ísica | Estado: Guerrero | Grupos: Adultos mayores
   Ô£à Se encontraron 16 becas.
      -> Beca 1: Beca de Educaci├│n B├ísica Rita Cetina
         Instituci├│n: Gobierno de M├®xico
         URL: https://www.becaritacetina.gob.mx/
      -> Beca 2: IME Becas
         Instituci├│n: Instituto de los Mexicanos en el Exterior
         URL: https://ime.gob.mx/educacion/programa/ime-becas

[Test #17] Perfil: 31 a├▒os | Femenino | Nivel: Posgrado | Estado: Hidalgo | Grupos: Ninguno
   Ô£à Se encontraron 89 becas.
      -> Beca 1: Binational Business Program
         Instituci├│n: U.S.-Mexico Commission for Educational and Cultural Exchange (COMEXUS)
         URL: https://us.fulbrightonline.org/countries/western-hemisphere/mexico/1645
      -> Beca 2: Beca Juan Beckmann
         Instituci├│n: FUNED
         URL: https://www.funedmx.org/

[Test #18] Perfil: 26 a├▒os | Masculino | Nivel: B├ísica | Estado: San Luis Potos├¡ | Grupos: Enfermedades cr├│nicas
   Ô£à Se encontraron 18 becas.
      -> Beca 1: Becas a Alumnas y Alumnos de Educaci├│n B├ísica, Media Superior y Superior 2024-2025
         Instituci├│n: Secretar├¡a de Educaci├│n de Gobierno del Estado de San Luis Potos├¡
         URL: https://sege.slp.gob.mx/coordinacion-general-de-recursos-humanos/becas/
      -> Beca 2: Convocatoria Mujer Ejemplar 2026
         Instituci├│n: Secretar├¡a de Educaci├│n P├║blica
         URL: https://sege.slp.gob.mx/

[Test #19] Perfil: 83 a├▒os | Masculino | Nivel: Superior | Estado: Ciudad de M├®xico | Grupos: Adultos mayores
   Ô£à Se encontraron 64 becas.
      -> Beca 1: Beca de Apoyo a la Movilidad
         Instituci├│n: Universidad Aut├│noma Metropolitana
         URL: https://www.cua.uam.mx/alumnado/becas-uam
      -> Beca 2: IME Becas
         Instituci├│n: Instituto de los Mexicanos en el Exterior
         URL: https://ime.gob.mx/educacion/programa/ime-becas

[Test #20] Perfil: 44 a├▒os | Femenino | Nivel: B├ísica | Estado: Campeche | Grupos: Ninguno
   Ô£à Se encontraron 16 becas.
      -> Beca 1: Beca de Educaci├│n B├ísica Rita Cetina
         Instituci├│n: Gobierno de M├®xico
         URL: https://www.becaritacetina.gob.mx/
      -> Beca 2: IME Becas
         Instituci├│n: Instituto de los Mexicanos en el Exterior
         URL: https://ime.gob.mx/educacion/programa/ime-becas

[Test #21] Perfil: 46 a├▒os | Masculino | Nivel: Superior | Estado: Coahuila | Grupos: Ninguno
   Ô£à Se encontraron 64 becas.
      -> Beca 1: Beca de Apoyo a la Movilidad
         Instituci├│n: Universidad Aut├│noma Metropolitana
         URL: https://www.cua.uam.mx/alumnado/becas-uam
      -> Beca 2: IME Becas
         Instituci├│n: Instituto de los Mexicanos en el Exterior
         URL: https://ime.gob.mx/educacion/programa/ime-becas

[Test #22] Perfil: 13 a├▒os | Femenino | Nivel: B├ísica | Estado: Baja California | Grupos: Ninguno
   Ô£à Se encontraron 16 becas.
      -> Beca 1: Beca de Educaci├│n B├ísica Rita Cetina
         Instituci├│n: Gobierno de M├®xico
         URL: https://www.becaritacetina.gob.mx/
      -> Beca 2: IME Becas
         Instituci├│n: Instituto de los Mexicanos en el Exterior
         URL: https://ime.gob.mx/educacion/programa/ime-becas

[Test #23] Perfil: 43 a├▒os | Femenino | Nivel: Posgrado | Estado: Michoac├ín | Grupos: Ninguno
   Ô£à Se encontraron 89 becas.
      -> Beca 1: Binational Business Program
         Instituci├│n: U.S.-Mexico Commission for Educational and Cultural Exchange (COMEXUS)
         URL: https://us.fulbrightonline.org/countries/western-hemisphere/mexico/1645
      -> Beca 2: Beca Juan Beckmann
         Instituci├│n: FUNED
         URL: https://www.funedmx.org/

[Test #24] Perfil: 32 a├▒os | Masculino | Nivel: Media Superior | Estado: Ciudad de M├®xico | Grupos: Enfermedades cr├│nicas
   Ô£à Se encontraron 23 becas.
      -> Beca 1: Va Segur@
         Instituci├│n: Fideicomiso Bienestar Educativo de la Ciudad de M├®xico
         URL: https://www.bienestareducativo.cdmx.gob.mx/
      -> Beca 2: IME Becas
         Instituci├│n: Instituto de los Mexicanos en el Exterior
         URL: https://ime.gob.mx/educacion/programa/ime-becas

[Test #25] Perfil: 30 a├▒os | Masculino | Nivel: Posgrado | Estado: Puebla | Grupos: Ninguno
   Ô£à Se encontraron 89 becas.
      -> Beca 1: Binational Business Program
         Instituci├│n: U.S.-Mexico Commission for Educational and Cultural Exchange (COMEXUS)
         URL: https://us.fulbrightonline.org/countries/western-hemisphere/mexico/1645
      -> Beca 2: Beca Juan Beckmann
         Instituci├│n: FUNED
         URL: https://www.funedmx.org/

[Test #26] Perfil: 18 a├▒os | Femenino | Nivel: Posgrado | Estado: Baja California | Grupos: Madres solteras
   Ô£à Se encontraron 89 becas.
      -> Beca 1: Binational Business Program
         Instituci├│n: U.S.-Mexico Commission for Educational and Cultural Exchange (COMEXUS)
         URL: https://us.fulbrightonline.org/countries/western-hemisphere/mexico/1645
      -> Beca 2: Beca Juan Beckmann
         Instituci├│n: FUNED
         URL: https://www.funedmx.org/

[Test #27] Perfil: 41 a├▒os | Masculino | Nivel: Media Superior | Estado: Baja California Sur | Grupos: Deportistas
   Ô£à Se encontraron 22 becas.
      -> Beca 1: IME Becas
         Instituci├│n: Instituto de los Mexicanos en el Exterior
         URL: https://ime.gob.mx/educacion/programa/ime-becas
      -> Beca 2: Beca Universal para el Bienestar Benito Ju├írez de Educaci├│n Media Superior
         Instituci├│n: Coordinaci├│n Nacional de Becas para el Bienestar Benito Ju├írez
         URL: https://www.gob.mx/becasbenitojuarez

[Test #28] Perfil: 38 a├▒os | Masculino | Nivel: Posgrado | Estado: Campeche | Grupos: Deportistas
   Ô£à Se encontraron 89 becas.
      -> Beca 1: Binational Business Program
         Instituci├│n: U.S.-Mexico Commission for Educational and Cultural Exchange (COMEXUS)
         URL: https://us.fulbrightonline.org/countries/western-hemisphere/mexico/1645
      -> Beca 2: Beca Juan Beckmann
         Instituci├│n: FUNED
         URL: https://www.funedmx.org/

[Test #29] Perfil: 42 a├▒os | Masculino | Nivel: Superior | Estado: Baja California | Grupos: Discapacitados
   Ô£à Se encontraron 64 becas.
      -> Beca 1: Beca de Apoyo a la Movilidad
         Instituci├│n: Universidad Aut├│noma Metropolitana
         URL: https://www.cua.uam.mx/alumnado/becas-uam
      -> Beca 2: IME Becas
         Instituci├│n: Instituto de los Mexicanos en el Exterior
         URL: https://ime.gob.mx/educacion/programa/ime-becas

[Test #30] Perfil: 42 a├▒os | Masculino | Nivel: Media Superior | Estado: Zacatecas | Grupos: Ind├¡genas
   Ô£à Se encontraron 24 becas.
      -> Beca 1: Est├¡mulos COZCYT
         Instituci├│n: Consejo Zacatecano de Ciencia, Tecnolog├¡a e Innovaci├│n
         URL: https://catalogoestatal.zacatecas.gob.mx/tramites/1694
      -> Beca 2: Becas ┬½Jos├® del Val┬╗ para Alumnas/os que pertenecen a Pueblos Ind├¡genas y Afromexicanos de la UNAM
         Instituci├│n: Universidad Nacional Aut├│noma de M├®xico (UNAM)
         URL: https://www.becas.unam.mx/programas-de-becas-y-apoyos/

[Test #31] Perfil: 25 a├▒os | Femenino | Nivel: Posgrado | Estado: Tabasco | Grupos: Ninguno
   Ô£à Se encontraron 89 becas.
      -> Beca 1: Binational Business Program
         Instituci├│n: U.S.-Mexico Commission for Educational and Cultural Exchange (COMEXUS)
         URL: https://us.fulbrightonline.org/countries/western-hemisphere/mexico/1645
      -> Beca 2: Beca Juan Beckmann
         Instituci├│n: FUNED
         URL: https://www.funedmx.org/

[Test #32] Perfil: 32 a├▒os | Masculino | Nivel: Superior | Estado: Ciudad de M├®xico | Grupos: Madres solteras
   Ô£à Se encontraron 64 becas.
      -> Beca 1: Beca de Apoyo a la Movilidad
         Instituci├│n: Universidad Aut├│noma Metropolitana
         URL: https://www.cua.uam.mx/alumnado/becas-uam
      -> Beca 2: IME Becas
         Instituci├│n: Instituto de los Mexicanos en el Exterior
         URL: https://ime.gob.mx/educacion/programa/ime-becas

[Test #33] Perfil: 37 a├▒os | Femenino | Nivel: Posgrado | Estado: Chihuahua | Grupos: Ninguno
   Ô£à Se encontraron 89 becas.
      -> Beca 1: Binational Business Program
         Instituci├│n: U.S.-Mexico Commission for Educational and Cultural Exchange (COMEXUS)
         URL: https://us.fulbrightonline.org/countries/western-hemisphere/mexico/1645
      -> Beca 2: Beca Juan Beckmann
         Instituci├│n: FUNED
         URL: https://www.funedmx.org/

[Test #34] Perfil: 45 a├▒os | Masculino | Nivel: B├ísica | Estado: Zacatecas | Grupos: Ninguno
   Ô£à Se encontraron 16 becas.
      -> Beca 1: Beca de Educaci├│n B├ísica Rita Cetina
         Instituci├│n: Gobierno de M├®xico
         URL: https://www.becaritacetina.gob.mx/
      -> Beca 2: IME Becas
         Instituci├│n: Instituto de los Mexicanos en el Exterior
         URL: https://ime.gob.mx/educacion/programa/ime-becas

[Test #35] Perfil: 43 a├▒os | Femenino | Nivel: Superior | Estado: Coahuila | Grupos: Ninguno
   Ô£à Se encontraron 64 becas.
      -> Beca 1: Beca de Apoyo a la Movilidad
         Instituci├│n: Universidad Aut├│noma Metropolitana
         URL: https://www.cua.uam.mx/alumnado/becas-uam
      -> Beca 2: IME Becas
         Instituci├│n: Instituto de los Mexicanos en el Exterior
         URL: https://ime.gob.mx/educacion/programa/ime-becas

[Test #36] Perfil: 23 a├▒os | Masculino | Nivel: Posgrado | Estado: Yucat├ín | Grupos: Madres solteras
   Ô£à Se encontraron 89 becas.
      -> Beca 1: Binational Business Program
         Instituci├│n: U.S.-Mexico Commission for Educational and Cultural Exchange (COMEXUS)
         URL: https://us.fulbrightonline.org/countries/western-hemisphere/mexico/1645
      -> Beca 2: Beca Juan Beckmann
         Instituci├│n: FUNED
         URL: https://www.funedmx.org/

[Test #37] Perfil: 49 a├▒os | Masculino | Nivel: Superior | Estado: Veracruz | Grupos: Enfermedades cr├│nicas
   Ô£à Se encontraron 64 becas.
      -> Beca 1: Beca de Apoyo a la Movilidad
         Instituci├│n: Universidad Aut├│noma Metropolitana
         URL: https://www.cua.uam.mx/alumnado/becas-uam
      -> Beca 2: IME Becas
         Instituci├│n: Instituto de los Mexicanos en el Exterior
         URL: https://ime.gob.mx/educacion/programa/ime-becas

[Test #38] Perfil: 10 a├▒os | Femenino | Nivel: Media Superior | Estado: Veracruz | Grupos: Ind├¡genas
   Ô£à Se encontraron 23 becas.
      -> Beca 1: Becas ┬½Jos├® del Val┬╗ para Alumnas/os que pertenecen a Pueblos Ind├¡genas y Afromexicanos de la UNAM
         Instituci├│n: Universidad Nacional Aut├│noma de M├®xico (UNAM)
         URL: https://www.becas.unam.mx/programas-de-becas-y-apoyos/
      -> Beca 2: IME Becas
         Instituci├│n: Instituto de los Mexicanos en el Exterior
         URL: https://ime.gob.mx/educacion/programa/ime-becas

[Test #39] Perfil: 66 a├▒os | Femenino | Nivel: Media Superior | Estado: Chiapas | Grupos: Adultos mayores
   Ô£à Se encontraron 22 becas.
      -> Beca 1: IME Becas
         Instituci├│n: Instituto de los Mexicanos en el Exterior
         URL: https://ime.gob.mx/educacion/programa/ime-becas
      -> Beca 2: Beca Universal para el Bienestar Benito Ju├írez de Educaci├│n Media Superior
         Instituci├│n: Coordinaci├│n Nacional de Becas para el Bienestar Benito Ju├írez
         URL: https://www.gob.mx/becasbenitojuarez

[Test #40] Perfil: 32 a├▒os | Femenino | Nivel: Posgrado | Estado: San Luis Potos├¡ | Grupos: Enfermedades cr├│nicas
   Ô£à Se encontraron 90 becas.
      -> Beca 1: Convocatoria Mujer Ejemplar 2026
         Instituci├│n: Secretar├¡a de Educaci├│n P├║blica
         URL: https://sege.slp.gob.mx/
      -> Beca 2: Binational Business Program
         Instituci├│n: U.S.-Mexico Commission for Educational and Cultural Exchange (COMEXUS)
         URL: https://us.fulbrightonline.org/countries/western-hemisphere/mexico/1645

[Test #41] Perfil: 69 a├▒os | Masculino | Nivel: B├ísica | Estado: Nuevo Le├│n | Grupos: Adultos mayores
   Ô£à Se encontraron 16 becas.
      -> Beca 1: Beca de Educaci├│n B├ísica Rita Cetina
         Instituci├│n: Gobierno de M├®xico
         URL: https://www.becaritacetina.gob.mx/
      -> Beca 2: IME Becas
         Instituci├│n: Instituto de los Mexicanos en el Exterior
         URL: https://ime.gob.mx/educacion/programa/ime-becas

[Test #42] Perfil: 28 a├▒os | Masculino | Nivel: Media Superior | Estado: Oaxaca | Grupos: Ind├¡genas
   Ô£à Se encontraron 23 becas.
      -> Beca 1: Becas ┬½Jos├® del Val┬╗ para Alumnas/os que pertenecen a Pueblos Ind├¡genas y Afromexicanos de la UNAM
         Instituci├│n: Universidad Nacional Aut├│noma de M├®xico (UNAM)
         URL: https://www.becas.unam.mx/programas-de-becas-y-apoyos/
      -> Beca 2: IME Becas
         Instituci├│n: Instituto de los Mexicanos en el Exterior
         URL: https://ime.gob.mx/educacion/programa/ime-becas

[Test #43] Perfil: 34 a├▒os | Femenino | Nivel: Superior | Estado: Guerrero | Grupos: Ind├¡genas
   Ô£à Se encontraron 65 becas.
      -> Beca 1: Becas ┬½Jos├® del Val┬╗ para Alumnas/os que pertenecen a Pueblos Ind├¡genas y Afromexicanos de la UNAM
         Instituci├│n: Universidad Nacional Aut├│noma de M├®xico (UNAM)
         URL: https://www.becas.unam.mx/programas-de-becas-y-apoyos/
      -> Beca 2: Beca de Apoyo a la Movilidad
         Instituci├│n: Universidad Aut├│noma Metropolitana
         URL: https://www.cua.uam.mx/alumnado/becas-uam

[Test #44] Perfil: 74 a├▒os | Masculino | Nivel: Media Superior | Estado: Puebla | Grupos: Adultos mayores
   Ô£à Se encontraron 22 becas.
      -> Beca 1: IME Becas
         Instituci├│n: Instituto de los Mexicanos en el Exterior
         URL: https://ime.gob.mx/educacion/programa/ime-becas
      -> Beca 2: Beca Universal para el Bienestar Benito Ju├írez de Educaci├│n Media Superior
         Instituci├│n: Coordinaci├│n Nacional de Becas para el Bienestar Benito Ju├írez
         URL: https://www.gob.mx/becasbenitojuarez

[Test #45] Perfil: 81 a├▒os | Masculino | Nivel: Media Superior | Estado: Nuevo Le├│n | Grupos: Adultos mayores
   Ô£à Se encontraron 22 becas.
      -> Beca 1: IME Becas
         Instituci├│n: Instituto de los Mexicanos en el Exterior
         URL: https://ime.gob.mx/educacion/programa/ime-becas
      -> Beca 2: Beca Universal para el Bienestar Benito Ju├írez de Educaci├│n Media Superior
         Instituci├│n: Coordinaci├│n Nacional de Becas para el Bienestar Benito Ju├írez
         URL: https://www.gob.mx/becasbenitojuarez

[Test #46] Perfil: 76 a├▒os | Masculino | Nivel: Media Superior | Estado: Tamaulipas | Grupos: Adultos mayores
   Ô£à Se encontraron 26 becas.
      -> Beca 1: Beca Voluntad y Trabajo, por la paz de Tamaulipas
         Instituci├│n: Instituto Tamaulipeco de Becas, Est├¡mulos y Cr├®ditos Educativos
         URL: https://www.tamaulipas.gob.mx/itabec/becas-para-el-bienestar-educativo/
      -> Beca 2: Beca Avanza por las Ni├▒as, los Ni├▒os y Adolescentes de Tamaulipas
         Instituci├│n: Instituto Tamaulipeco de Becas, Est├¡mulos y Cr├®ditos Educativos (ITABEC)
         URL: https://www.tamaulipas.gob.mx/itabec/

[Test #47] Perfil: 30 a├▒os | Masculino | Nivel: B├ísica | Estado: Sonora | Grupos: Ninguno
   Ô£à Se encontraron 17 becas.
      -> Beca 1: Becas para Escuelas Particulares Preescolar, Primaria y Secundaria 2026-2027
         Instituci├│n: Instituto de Becas y Cr├®dito Educativo del Estado de Sonora
         URL: https://becasycredito.sonora.gob.mx/portal-becas
      -> Beca 2: Beca de Educaci├│n B├ísica Rita Cetina
         Instituci├│n: Gobierno de M├®xico
         URL: https://www.becaritacetina.gob.mx/

[Test #48] Perfil: 28 a├▒os | Femenino | Nivel: Superior | Estado: Durango | Grupos: Ind├¡genas
   Ô£à Se encontraron 65 becas.
      -> Beca 1: Becas ┬½Jos├® del Val┬╗ para Alumnas/os que pertenecen a Pueblos Ind├¡genas y Afromexicanos de la UNAM
         Instituci├│n: Universidad Nacional Aut├│noma de M├®xico (UNAM)
         URL: https://www.becas.unam.mx/programas-de-becas-y-apoyos/
      -> Beca 2: Beca de Apoyo a la Movilidad
         Instituci├│n: Universidad Aut├│noma Metropolitana
         URL: https://www.cua.uam.mx/alumnado/becas-uam

[Test #49] Perfil: 30 a├▒os | Femenino | Nivel: Media Superior | Estado: Baja California | Grupos: Ninguno
   Ô£à Se encontraron 22 becas.
      -> Beca 1: IME Becas
         Instituci├│n: Instituto de los Mexicanos en el Exterior
         URL: https://ime.gob.mx/educacion/programa/ime-becas
      -> Beca 2: Beca Universal para el Bienestar Benito Ju├írez de Educaci├│n Media Superior
         Instituci├│n: Coordinaci├│n Nacional de Becas para el Bienestar Benito Ju├írez
         URL: https://www.gob.mx/becasbenitojuarez

[Test #50] Perfil: 27 a├▒os | Masculino | Nivel: Posgrado | Estado: Tabasco | Grupos: Ind├¡genas
   Ô£à Se encontraron 89 becas.
      -> Beca 1: Binational Business Program
         Instituci├│n: U.S.-Mexico Commission for Educational and Cultural Exchange (COMEXUS)
         URL: https://us.fulbrightonline.org/countries/western-hemisphere/mexico/1645
      -> Beca 2: Beca Juan Beckmann
         Instituci├│n: FUNED
         URL: https://www.funedmx.org/

==========================================
   FIN DEL TEST. Becas devueltas en total: 2243
==========================================
